
> @lmthing/core@0.1.0 build /home/vasilis/LMTHING/lmthing/sdk/org/packages/core
> tsup

CLI Building entry: src/index.ts, src/ui/index.ts
CLI Using tsconfig: tsconfig.json
CLI tsup v8.5.1
CLI Using tsup config: /home/vasilis/LMTHING/lmthing/sdk/org/packages/core/tsup.config.ts
CLI Target: node20
CLI Cleaning output folder
ESM Build start
ESM dist/tasklist-E24NZEE2.js           142.00 B
ESM dist/register-space-I3TAZ3PP.js     158.00 B
ESM dist/fork-SAXXQPXZ.js               272.00 B
ESM dist/load-GTQEE6MW.js               222.00 B
ESM dist/delegate-NM6Y7YRJ.js           304.00 B
ESM dist/orchestrator-XCCSABMC.js       188.00 B
ESM dist/index.js                       40.15 KB
ESM dist/chunk-YXOUG6BT.js              403.00 B
ESM dist/chunk-ALCSPLLI.js              415.00 B
ESM dist/chunk-ZOWCV65H.js              12.25 KB
ESM dist/chunk-B44SO5ND.js              18.99 KB
ESM dist/chunk-GX2N5RDC.js              2.77 KB
ESM dist/chunk-LY3R5UKM.js              32.48 KB
ESM dist/chunk-CUNP2FMD.js              55.75 KB
ESM dist/chunk-MDHP2AB5.js              3.97 KB
ESM dist/chunk-GDYAF6O4.js              812.00 B
ESM dist/chunk-5KZAEU47.js              12.99 KB
ESM dist/chunk-PHB6WHX4.js              758.00 B
ESM dist/chunk-UHWJ5FIP.js              14.06 KB
ESM dist/chunk-63PMTFA3.js              4.31 KB
ESM dist/ui/index.js                    590.00 B
ESM dist/display-WYHQI3JK.js            139.00 B
ESM dist/registry-6TLS5K3L.js           224.00 B
ESM dist/chunk-QXFYM5CG.js              412.00 B
ESM dist/sleep-JMZKSOGE.js              167.00 B
ESM dist/chunk-4S6GWIDS.js              6.44 KB
ESM dist/load-knowledge-C26WOWDF.js     200.00 B
ESM dist/chunk-OSFUW2SC.js              1.18 KB
ESM dist/chunk-EX7AQZ2Z.js              1.40 KB
ESM dist/fork-LLY33JTF.js               130.00 B
ESM dist/chunk-UWFLOVIL.js              371.00 B
ESM dist/inspect-PKPAQWUF.js            213.00 B
ESM dist/delegate-CV3RS6UB.js           142.00 B
ESM dist/chunk-PKSKVOIX.js              711.00 B
ESM dist/tasklist-E24NZEE2.js.map       71.00 B
ESM dist/delegate-NM6Y7YRJ.js.map       71.00 B
ESM dist/register-space-I3TAZ3PP.js.map 71.00 B
ESM dist/orchestrator-XCCSABMC.js.map   71.00 B
ESM dist/fork-SAXXQPXZ.js.map           71.00 B
ESM dist/load-GTQEE6MW.js.map           71.00 B
ESM dist/chunk-YXOUG6BT.js.map          1.03 KB
ESM dist/chunk-ALCSPLLI.js.map          1.55 KB
ESM dist/chunk-B44SO5ND.js.map          38.64 KB
ESM dist/chunk-GX2N5RDC.js.map          5.63 KB
ESM dist/chunk-ZOWCV65H.js.map          27.09 KB
ESM dist/index.js.map                   78.45 KB
ESM dist/chunk-LY3R5UKM.js.map          71.21 KB
ESM dist/chunk-GDYAF6O4.js.map          2.41 KB
ESM dist/chunk-MDHP2AB5.js.map          7.63 KB
ESM dist/chunk-63PMTFA3.js.map          10.50 KB
ESM dist/chunk-UHWJ5FIP.js.map          26.38 KB
ESM dist/ui/index.js.map                71.00 B
ESM dist/display-WYHQI3JK.js.map        71.00 B
ESM dist/registry-6TLS5K3L.js.map       71.00 B
ESM dist/chunk-QXFYM5CG.js.map          1.31 KB
ESM dist/sleep-JMZKSOGE.js.map          71.00 B
ESM dist/chunk-PHB6WHX4.js.map          1.80 KB
ESM dist/load-knowledge-C26WOWDF.js.map 71.00 B
ESM dist/chunk-OSFUW2SC.js.map          2.68 KB
ESM dist/chunk-4S6GWIDS.js.map          13.71 KB
ESM dist/fork-LLY33JTF.js.map           71.00 B
ESM dist/chunk-EX7AQZ2Z.js.map          3.42 KB
ESM dist/chunk-5KZAEU47.js.map          28.53 KB
ESM dist/chunk-UWFLOVIL.js.map          1.26 KB
ESM dist/inspect-PKPAQWUF.js.map        71.00 B
ESM dist/chunk-PKSKVOIX.js.map          2.06 KB
ESM dist/delegate-CV3RS6UB.js.map       71.00 B
ESM dist/chunk-CUNP2FMD.js.map          133.65 KB
ESM ⚡️ Build success in 72ms
DTS Build start
DTS ⚡️ Build success in 1815ms
DTS dist/index.d.ts    55.54 KB
DTS dist/ui/index.d.ts 3.74 KB
