user 06-tanzania@local (local-06-tanzania) → http://localhost:8086   [ns user-local-06-tanzania]
[thing] session 0d027832-143b-43dd-9d4d-af8aafdf3b48

💾 checkpoint → /home/vasilis/LMTHING/lmthing/sdk/org/scenarios/06-tanzania/results/checkpoint.json

── 06-tanzania · Act I — The offer
   expect: turn 1 (5 attachments + the dump) ends in an OFFER citing ≥2 real specifics, with NO authoring and NO space-building yet; the user consents with a bare "Yes please."
   ✓ tanzaniamemories.md uploaded as kind=file — file · text/markdown
   ✓ stone-town-zanzibar.jpg uploaded as kind=image — image · image/jpeg
   ✓ ngorongoro-conservation-area-tariffs.pdf uploaded as kind=file — file · application/pdf
   ✓ trip-costs.xlsx uploaded as kind=file — file · application/vnd.openxmlformats-officedocument.spreadsheetml.sheet
   ✓ voice-memo.mp3 uploaded as kind=audio — audio · audio/mpeg
[thing] → Ok this is getting out of hand. I've got the whole Tanzania trip spread across about six different places — a notes file, a spreadsheet with
[thing]   node_start run session
[thing]   yield delegate ["system-files","dispatch",null,{"query":"Summarize these documents. For each, give me a concise summary of what it contains — the key facts
[thing]   yield delegate ["system-vision","vision",null,{"query":"Describe this image in detail — what is it of, what stands out, any text visible? Keep it concise b
[thing]   node_start delegate delegate:system-files/dispatch/(model-driven)
[thing]   node_start delegate delegate:system-vision/vision/(model-driven)
[thing]   node_end delegate_4_561a5469 done 5793ms
[thing]   yield delegate ["system-files","reader",null,{"query":"Summarize these documents. For each, give me a concise summary of what it contains — the key facts, 
[thing]   yield delegate ["system-files","sheet",null,{"query":"Summarize these documents. For each, give me a concise summary of what it contains — the key facts, d
[thing]   node_start delegate delegate:system-files/reader/(model-driven)
[thing]   node_start delegate delegate:system-files/sheet/(model-driven)
[thing]   yield loadKnowledge ["documents/tabular/spreadsheet"]
[thing]   yield loadKnowledge ["documents/formats/pdf"]
[thing]   yield loadKnowledge ["documents/formats/text"]
[thing]   yield readDocument ["28b3550c-9739-4621-b3e1-4dd9a9b9746f",null]
[thing]   yield readDocument ["51ca39d1-fc92-4d06-81a8-8ba0d348e80e",null]
[thing]   yield readDocument ["16789e3a-ac4a-4016-b1e7-bb9c7dc55b64",null]
[thing]   yield readDocument ["28b3550c-9739-4621-b3e1-4dd9a9b9746f",null]
[thing]   yield readDocument ["51ca39d1-fc92-4d06-81a8-8ba0d348e80e",null]
[thing]   yield readDocument ["16789e3a-ac4a-4016-b1e7-bb9c7dc55b64",null]
[thing]   yield inspect [{"value":"# Sheet: legs\ntanzania trip 2026 - leg by leg (me + athina),,,,\n,,,,\nleg,dates,nights,lodging,cost (usd)\nCairo (arrival stopo
[thing]   node_end delegate_6_a063fed5 done 43141ms
[thing]   node_end delegate_5_deff8706 done 44070ms
[thing]   node_end delegate_3_bcc78e2e done 60402ms
[thing]   yield inspect [{"value":"Here are the concrete specifics from all three documents:\n\n---\n\n## 1. tanzaniamemories.md — Trip Plan & Logistics\n\n**Travel
[thing]   yield inspect [{"value":"An upward-looking view of a multi-story courtyard or atrium in a Mediterranean/Middle Eastern-style building. The scene shows whi
[thing]   yield inspect [{"value":"Here are the concrete specifics from all three documents:\n\n---\n\n## 1. tanzaniamemories.md — Trip Plan & Logistics\n\n**Travel
[thing]   display {"type":"Stack","props":{"gap":3},"children":[{"type":"Heading","props":{"level":2},"children":["OK, I've gone through everything — here's what you've got"]},{"type":"Paragraph","props":{},"children":
[thing]   node_end run_2_61d9c896 done 112085ms
   ▸ Act I — ingest → offer: 117s
   ✓ THING OFFERED (an unasked-for proposal, in its own reply) — {"type":"Stack","props":{"gap":3},"children":[{"type":"Heading","props":{"level":2},"children":["OK, I've gone through everything — here's what you've got"]},{"
   ✓ the offer names ≥2 of HIS specifics (it read the files first) — 5 specifics in the reply
   ✓ NO authoring happened before consent — none
   ✓ NO space/app builder delegate before consent — none
   ✓ it READ the dump first (system-files / system-vision delegate) — system-files/dispatch · system-vision/vision · system-files/reader · system-files/sheet

💾 checkpoint → /home/vasilis/LMTHING/lmthing/sdk/org/scenarios/06-tanzania/results/checkpoint.json

── 06-tanzania · Act II — Ingest & the provided-info shortcut
   expect: a bare "Yes please." builds it: ≥3 per-topic spaces + a live app seeded from the dump, with ≤1 incidental web-research yield (it must not re-research what it was handed) and 0 unrecovered errors
[thing] → Yes please.
[thing]   node_start run session
[thing]   yield setSessionMeta [{"title":"Tanzania trip organiser","slug":"tanzania-trip-organiser"}]
[thing]   yield delegate ["system-architect","architect","synthesize_and_run",{"query":"Build a specialist space for the Ngorongoro Crater part of this Tanzania trip
[thing]   yield delegate ["system-architect","architect","synthesize_and_run",{"query":"Build a specialist space for the Zanzibar / Stone Town part of this Tanzania 
[thing]   yield delegate ["system-architect","architect","synthesize_and_run",{"query":"Build a specialist space for the overall Tanzania trip itinerary and logistic
[thing]   yield delegate ["system-architect","architect","synthesize_and_run",{"query":"Build a specialist space for the Tanzania trip finances and costs.","context"
[thing]   node_start delegate delegate:system-architect/architect/synthesize_and_run
[thing]   node_start delegate delegate:system-architect/architect/synthesize_and_run
[thing]   node_start delegate delegate:system-architect/architect/synthesize_and_run
[thing]   node_start delegate delegate:system-architect/architect/synthesize_and_run
[thing]   yield tasklist ["synthesize_and_run",{"topic":"Zanzibar — Stone Town","goal":"Answer questions about the Zanzibar leg of the trip, including Stone Town sig
[thing]   node_start tasklist tasklist:synthesize_and_run
[thing]   node_start task fork:design
[thing]   node_start fork fork:design
[thing]   yield tasklist ["synthesize_and_run",{"context":{"topic":"Ngorongoro Crater safari","goal":"Answer questions about the Ngorongoro Crater leg — park fees, d
[thing]   yield tasklist ["synthesize_and_run",{"topic":"Tanzania trip — budget & costs","goal":"Answer questions about trip finances: budget, expenses, cost breakdo
[thing]   node_start tasklist tasklist:synthesize_and_run
[thing]   node_start task fork:design
[thing]   node_start fork fork:design
[thing]   yield tasklist ["synthesize_and_run",{"topic":"Ngorongoro Crater safari","goal":"Answer questions about the Ngorongoro Crater leg — park fees, driver conta
[thing]   node_start tasklist tasklist:synthesize_and_run
[thing]   node_start task fork:design
[thing]   node_start fork fork:design
[thing]   yield tasklist ["synthesize_and_run",{"topic":"Tanzania trip — itinerary & logistics","goal":"Answer questions about the full trip: dates, travelers, itine
[thing]   node_start tasklist tasklist:synthesize_and_run
[thing]   node_start task fork:design
[thing]   node_start fork fork:design
[thing]   !! typecheck_error: Variable 'functions' implicitly has an 'any[]' type.
[thing]   !! typecheck_error: Variable 'functions' implicitly has an 'any[]' type.
[thing]   !! typecheck_error: 'const' declarations must be initialized.
[thing]   !! typecheck_error: 'const' declarations must be initialized.
[thing]   !! typecheck_error: Variable 'functions' implicitly has an 'any[]' type.
[thing]   !! typecheck_error: 'const' declarations must be initialized.; Cannot redeclare block-scoped variable 'functions'.
[thing]   node_end fork_20_292a4be3 done 10354ms
[thing]   node_end task_19_0eb3691a done 10354ms
[thing]   node_start task fork:build_field
[thing]   node_start task fork:build_field[0]
[thing]   node_start fork fork:build_field
[thing]   node_start task fork:build_field[1]
[thing]   node_start fork fork:build_field
[thing]   node_start task fork:build_field[2]
[thing]   node_start fork fork:build_field
[thing]   node_start task fork:build_field[3]
[thing]   node_start fork fork:build_field
[thing]   node_start task fork:build_function
[thing]   !! typecheck_error: Cannot redeclare block-scoped variable 'slug'.
[thing]   !! typecheck_error: Cannot assign to 'functions' because it is a constant.; Conversion of type 'never[]' to type '{ name: string; purpose: string; }' may be a mistake because neither type sufficiently overlaps with the o
[thing]   node_end fork_17_9b21afa1 done 17250ms
[thing]   node_end task_16_f5a491ba done 17250ms
[thing]   node_start task fork:build_field
[thing]   node_start task fork:build_field[0]
[thing]   node_start fork fork:build_field
[thing]   node_start task fork:build_field[1]
[thing]   node_start fork fork:build_field
[thing]   node_start task fork:build_function
[thing]   !! typecheck_error: Parameter 'fi' implicitly has an 'any' type.
[thing]   !! typecheck_error: Cannot assign to 'functions' because it is a constant.
[thing]   !! typecheck_error: Cannot find name 'slug'.; Cannot find name 'actionId'.; Cannot find name 'fields'. Did you mean 'Field'?
[thing]   node_end fork_38_c6e5074f done 17170ms
[thing]   node_end task_37_5bd245e0 done 17171ms
[thing]   node_end fork_23_1c681791 done 32229ms
[thing]   node_end task_22_64f4b723 done 32230ms
[thing]   node_start task fork:build_field
[thing]   node_start task fork:build_field[0]
[thing]   node_start fork fork:build_field
[thing]   node_start task fork:build_function
[thing]   node_end fork_28_da7bfc12 done 22611ms
[thing]   node_end task_27_06993867 done 22611ms
[thing]   node_end fork_26_24bd662f done 22937ms
[thing]   node_end task_25_f7e6e5e0 done 22937ms
[thing]   node_end fork_36_0c3a64de done 18313ms
[thing]   node_end task_35_4c9eb1ff done 18313ms
[thing]   node_end task_34_b35c2060 done 18313ms
[thing]   node_end task_39_28850bea done 18312ms
[thing]   node_start task fork:write_agent
[thing]   node_start fork fork:write_agent
[thing]   node_end fork_14_e04187d3 done 41381ms
[thing]   node_end task_13_62104afa done 41381ms
[thing]   node_start task fork:build_field
[thing]   node_start task fork:build_field[0]
[thing]   node_start fork fork:build_field
[thing]   node_start task fork:build_field[1]
[thing]   node_start fork fork:build_field
[thing]   node_start task fork:build_function
[thing]   node_end fork_30_217a0046 done 31466ms
[thing]   node_end task_29_bf86d26e done 31466ms
[thing]   node_end fork_32_1932fba4 done 31506ms
[thing]   node_end task_31_b3a2e2df done 31506ms
[thing]   node_end task_24_feac6559 done 31506ms
[thing]   node_end task_33_2ef4db46 done 31506ms
[thing]   node_start task fork:write_agent
[thing]   node_start fork fork:write_agent
[thing]   node_end fork_45_c4edbb37 done 9010ms
[thing]   node_end task_44_ce7cd716 done 9010ms
[thing]   node_start task fork:write_tasks
[thing]   node_start fork fork:write_tasks
[thing]   node_end fork_42_f4f062ed done 13757ms
[thing]   node_end task_41_26e03ae4 done 13757ms
[thing]   node_end task_40_af4039f3 done 13757ms
[thing]   node_end task_43_6912dc27 done 13757ms
[thing]   node_start task fork:write_agent
[thing]   node_start fork fork:write_agent
[thing]   node_end fork_55_211d0694 done 5531ms
[thing]   node_end task_54_7f118d78 done 5531ms
[thing]   node_start task fork:validate
[thing]   node_start fork fork:validate
[thing]   node_end fork_59_26eaad26 done 2527ms
[thing]   node_end task_58_c8663d1b done 2527ms
[thing]   node_start task fork:register
[thing]   node_start fork fork:register
[thing]   node_end fork_53_7b7e448a done 9149ms
[thing]   node_end task_52_d4d3a5fc done 9149ms
[thing]   node_start task fork:write_tasks
[thing]   node_start fork fork:write_tasks
[thing]   yield registerSpace ["/home/vasilis/LMTHING/lmthing/sdk/org/scenarios/harness/.state/local-server-8086/pod-root/.lmthing/tanzania-trip/spaces/tanzania-trip-budg
[thing]   node_end fork_61_4211a97d done 3445ms
[thing]   node_end task_60_914178ea done 3445ms
[thing]   node_start task fork:finalize
[thing]   node_start fork fork:finalize
[thing]   node_end fork_57_46ac5e1f done 9187ms
[thing]   node_end task_56_479c1420 done 9187ms
[thing]   node_start task fork:write_tasks
[thing]   node_start fork fork:write_tasks
[thing]   node_end fork_63_d0cbdb4d done 5305ms
[thing]   node_end task_62_e243e4e6 done 5305ms
[thing]   node_start task fork:validate
[thing]   node_start fork fork:validate
[thing]   node_end fork_50_b193a8e9 done 18639ms
[thing]   node_end task_49_479a5b6e done 18639ms
[thing]   node_end fork_65_110bca5c done 3016ms
[thing]   node_end task_64_c9f028b9 done 3016ms
[thing]   node_end tasklist_15_7d2da9c9 done 59092ms
[thing]   node_end fork_48_5c788709 done 20903ms
[thing]   node_end task_47_172deca9 done 20903ms
[thing]   node_end task_46_4d85d5ab done 20903ms
[thing]   node_end task_51_77edd13a done 20903ms
[thing]   node_start task fork:write_agent
[thing]   node_start fork fork:write_agent
[thing]   node_end fork_69_17897b49 done 2766ms
[thing]   node_end task_68_674b29d3 done 2766ms
[thing]   node_start task fork:register
[thing]   node_start fork fork:register
[thing]   yield delegate ["/home/vasilis/LMTHING/lmthing/sdk/org/scenarios/harness/.state/local-server-8086/pod-root/.lmthing/tanzania-trip/spaces/tanzania-trip-budg
[thing]   node_start delegate delegate:/home/vasilis/LMTHING/lmthing/sdk/org/scenarios/harness/.state/local-server-8086/pod-root/.lmthing/tanzania-trip/spaces/tanzania-trip-budget/tanzania-trip-budget/answer
[thing]   yield loadKnowledge ["tanzania-trip/costs/overview"]
[thing]   node_end fork_67_ca5278e0 done 6411ms
[thing]   node_end task_66_4eed86b5 done 6411ms
[thing]   node_start task fork:validate
[thing]   node_start fork fork:validate
[thing]   !! typecheck_error: Cannot redeclare block-scoped variable 'costsOverview'.
[thing]   !! typecheck_error: Cannot assign to 'costsOverview' because it is a constant.
[thing]   node_end fork_76_e88bc648 done 2968ms
[thing]   node_end task_75_959f11dc done 2968ms
[thing]   node_start task fork:register
[thing]   node_start fork fork:register
[thing]   yield registerSpace ["/home/vasilis/LMTHING/lmthing/sdk/org/scenarios/harness/.state/local-server-8086/pod-root/.lmthing/tanzania-trip/spaces/ngorongoro-crater-
[thing]   display undefined
[thing]   node_end fork_73_eec4c848 done 7878ms
[thing]   node_end task_72_22f9be30 done 7878ms
[thing]   node_start task fork:finalize
[thing]   node_start fork fork:finalize
[thing]   yield loadKnowledge ["tanzania-trip/payments"]
[thing]   yield loadKnowledge ["tanzania-trip/costs/safari-costs"]
[thing]   node_end fork_80_f3cda001 done 9915ms
[thing]   node_end task_79_85a410c5 done 9915ms
[thing]   node_end tasklist_18_82cea5dc done 76873ms
[thing]   node_end fork_71_fbc2831f done 18192ms
[thing]   node_end task_70_e99db2ac done 18192ms
[thing]   node_start task fork:write_tasks
[thing]   node_start fork fork:write_tasks
[thing]   node_end fork_78_21bf7e68 done 12385ms
[thing]   node_end task_77_efb17c92 done 12385ms
[thing]   node_start task fork:finalize
[thing]   node_start fork fork:finalize
[thing]   yield tasklist ["answer",{"query":"Tanzania trip — budget & costs"}]
[thing]   node_start tasklist tasklist:answer
[thing]   node_start task fork:answer
[thing]   node_start fork fork:answer
[thing]   yield loadKnowledge ["tanzania-trip/costs/safari-costs.md"]
[thing]   !! typecheck_error: Cannot find name 'console'. Do you need to change your target library? Try changing the 'lib' compiler option to include 'dom'.
[thing]   yield delegate ["/home/vasilis/LMTHING/lmthing/sdk/org/scenarios/harness/.state/local-server-8086/pod-root/.lmthing/tanzania-trip/spaces/ngorongoro-crater-
[thing]   node_start delegate delegate:/home/vasilis/LMTHING/lmthing/sdk/org/scenarios/harness/.state/local-server-8086/pod-root/.lmthing/tanzania-trip/spaces/ngorongoro-crater-advisor/ngorongoro-crater-advisor/answer
[thing]   yield loadKnowledge ["tanzania-trip/costs/trip-costs.md"]
[thing]   node_end fork_82_b4fa08d0 done 6395ms
[thing]   node_end task_81_9a80e016 done 6395ms
[thing]   node_start task fork:validate
[thing]   node_start fork fork:validate
[thing]   yield loadKnowledge ["ngorongoro/fees/overview"]
[thing]   yield inspect [{"value":{"ok":true,"entries":[]}}]
[thing]   yield loadKnowledge ["tanzania-trip/fundamentals/overview.md"]
[thing]   yield loadKnowledge ["ngorongoro/fees/park-tariffs"]
[thing]   yield inspect [{"value":{"ok":true,"entries":[]}}]
[thing]   yield loadKnowledge ["ngorongoro/fees"]
[thing]   yield loadKnowledge ["tanzania-trip/costs/misc-costs.md"]
[thing]   yield inspect [{"value":{"ok":false,"content":"","error":"ENOENT: no such file or directory, open '/home/vasilis/LMTHING/lmthing/sdk/org/scenarios/harness
[thing]   yield loadKnowledge ["tanzania-trip/costs/flights.md"]
[thing]   yield tasklist ["answer",{"query":"Ngorongoro Crater safari"}]
[thing]   node_start tasklist tasklist:answer
[thing]   node_start task fork:answer
[thing]   node_start fork fork:answer
[thing]   yield loadKnowledge ["ngorongoro/fees/park-tariffs.md"]
[thing]   yield loadKnowledge ["tanzania-trip/costs/accommodations.md"]
[thing]   node_end fork_90_29de66aa done 6317ms
[thing]   node_end task_89_5ae1719f done 6317ms
[thing]   node_start task fork:register
[thing]   node_start fork fork:register
[thing]   yield loadKnowledge ["ngorongoro/staff/emmanuel.md"]
[thing]   yield loadKnowledge ["tanzania-trip/costs/transport.md"]
[thing]   yield inspect [{"value":{"ok":false,"content":"","error":"ENOENT: no such file or directory, open '/home/vasilis/LMTHING/lmthing/sdk/org/scenarios/harness
[thing]   yield registerSpace ["/home/vasilis/LMTHING/lmthing/sdk/org/scenarios/harness/.state/local-server-8086/pod-root/.lmthing/tanzania-trip/spaces/stone-town-guide"]
[thing]   yield loadKnowledge ["ngorongoro/logistics/gate-info.md"]
[thing]   yield loadKnowledge ["tanzania-trip/payments/status.md"]
[thing]   node_end fork_95_ec79c7af done 4959ms
[thing]   node_end task_94_04825215 done 4959ms
[thing]   node_start task fork:finalize
[thing]   node_start fork fork:finalize
[thing]   yield loadKnowledge ["tanzania-trip/costs/budget-overview.md"]
[thing]   yield loadKnowledge ["ngorongoro/purchases/maasai-bracelets.md"]
[thing]   yield inspect [{"value":{"ok":true,"entries":[]}}]
[thing]   node_end fork_97_12d4a5b4 done 2380ms
[thing]   node_end task_96_ed976000 done 2380ms
[thing]   node_end tasklist_12_3a6d170c done 100527ms
[thing]   yield loadKnowledge ["tanzania-trip/trip/overview.md"]
[thing]   yield loadKnowledge ["ngorongoro/tips/ranger.md"]
[thing]   yield delegate ["/home/vasilis/LMTHING/lmthing/sdk/org/scenarios/harness/.state/local-server-8086/pod-root/.lmthing/tanzania-trip/spaces/stone-town-guide",
[thing]   node_start delegate delegate:/home/vasilis/LMTHING/lmthing/sdk/org/scenarios/harness/.state/local-server-8086/pod-root/.lmthing/tanzania-trip/spaces/stone-town-guide/stone-town-guide/answer
[thing]   yield loadKnowledge ["ngorongoro/guide/emmanuel.md"]
[thing]   yield tasklist ["answer",{"query":"Zanzibar — Stone Town"}]
[thing]   node_start tasklist tasklist:answer
[thing]   node_start task fork:answer
[thing]   node_start fork fork:answer
[thing]   yield loadKnowledge ["ngorongoro/gate/logistics.md"]
[thing]   yield loadKnowledge ["travel/zanzibar/stone-town-sights.md"]
[thing]   yield loadKnowledge ["ngorongoro/ranger/tips.md"]
[thing]   yield loadKnowledge ["ngorongoro/emmanuel/driver-guide.md"]
[thing]   yield inspect [{"value":{"ok":false,"path":"/home/vasilis/LMTHING/lmthing/sdk/org/scenarios/harness/.state/local-server-8086/pod-root/.lmthing/tanzania-tr
[thing]   yield loadKnowledge ["ngorongoro/staff/ranger-tips.md"]
[thing]   node_end fork_87_aad89209 done 27606ms
[thing]   node_end task_86_9519e0b7 done 27606ms
[thing]   node_end tasklist_85_35f93cfc done 27606ms
[thing]   yield inspect [{"value":"## Tanzania Trip — Budget & Costs\n\nBased on the knowledge files available to me, here is what I can report:\n\n### What the Kno
[thing]   node_end fork_101_911bf51a done 8732ms
[thing]   node_end task_100_06952377 done 8732ms
[thing]   node_end tasklist_99_1f657983 done 8732ms
[thing]   display {"type":"Stack","props":{"gap":2},"children":[{"type":"Heading","props":{"level":2},"children":["Tanzania Trip — Budget & Costs"]},{"type":"Markdown","props":{"text":"## Tanzania Trip — Budget & Costs
[thing]   node_end delegate_74_5fa9d2fd done 53529ms
[thing]   display {"type":"Stack","props":{"gap":3},"children":[{"type":"Heading","props":{"level":1},"children":["Zanzibar — Stone Town"]},{"type":"Callout","props":{"variant":"info","title":"UNESCO World Heritage Sit
[thing]   node_end delegate_98_d1b7d280 done 13643ms
[thing]   display "{\n  \"ok\": true,\n  \"degraded\": false,\n  \"data\": {\n    \"answer\": \"## Zanzibar — Stone Town\\n\\nBased on the loaded travel notes, here is what is known about Stone Town:\\n\\n**Overview**\
[thing]   node_end delegate_9_ae805dd6 done 122823ms
[thing]   display "{\n  \"ok\": true,\n  \"degraded\": false,\n  \"data\": {\n    \"answer\": \"## Tanzania Trip — Budget & Costs\\n\\nBased on the knowledge files available to me, here is what I can report:\\n\\n### W
[thing]   node_end fork_84_0170bc84 error 37504ms
[thing]   node_end task_83_61b705d0 error 37504ms
[thing]   node_end tasklist_21_a6e58110 error 114442ms
[thing]   node_end delegate_11_db5aa7f0 done 123019ms
[thing]   yield tasklist ["synthesize_and_run",{"topic":"Tanzania trip — itinerary & logistics","goal":"Answer questions about the full trip: dates, travelers, itine
[thing]   node_start tasklist tasklist:synthesize_and_run
[thing]   node_start task fork:design
[thing]   node_start fork fork:design
[thing]   node_end fork_93_ba78fe46 done 30449ms
[thing]   node_end task_92_6bead998 done 30449ms
[thing]   node_end tasklist_91_018a8667 done 30449ms
[thing]   yield inspect [{"value":"# Ngorongoro Crater Safari — What I Found\n\n## Park Fees & Tariffs (Loaded Knowledge)\nThe only knowledge file available to me i
[thing]   display {"type":"Markdown","props":{"text":"# Ngorongoro Crater Safari — What I Found\n\n## Park Fees & Tariffs (Loaded Knowledge)\nThe only knowledge file available to me is the **Ngorongoro Conservation Are
[thing]   display {"type":"Callout","props":{"variant":"success","title":"Answer ready"},"children":["The Ngorongoro Crater safari answer has been displayed above. Key sections: park fees & tariffs, contacts (Emmanuel 
[thing]   node_end delegate_88_4f5f7b8a done 42751ms
[thing]   node_end fork_104_b259ae19 done 7803ms
[thing]   node_end task_103_5763ea6e done 7803ms
[thing]   node_start task fork:build_field
[thing]   node_start task fork:build_field[0]
[thing]   node_start fork fork:build_field
[thing]   node_start task fork:build_field[1]
[thing]   node_start fork fork:build_field
[thing]   node_start task fork:build_function
[thing]   display {"type":"Stack","props":{"gap":2},"children":[{"type":"Heading","props":{"level":2},"children":["Ngorongoro Crater Advisor — Agent Results"]},{"type":"Callout","props":{"variant":"success","title":"Ag
[thing]   node_end delegate_8_dfb1c1a8 done 136121ms
[thing]   node_end fork_109_88e55a2d done 14549ms
[thing]   node_end task_108_bab3282c done 14549ms
[thing]   node_end fork_107_fc938094 done 15461ms
[thing]   node_end task_106_1fdcb8b1 done 15461ms
[thing]   node_end task_105_655e084b done 15461ms
[thing]   node_end task_110_39bcf52c done 15461ms
[thing]   node_start task fork:write_agent
[thing]   node_start fork fork:write_agent
[thing]   node_end fork_112_0f2c032f done 5481ms
[thing]   node_end task_111_65104055 done 5481ms
[thing]   node_start task fork:write_tasks
[thing]   node_start fork fork:write_tasks
[thing]   node_end fork_114_b67c1475 done 6521ms
[thing]   node_end task_113_d904ab2a done 6521ms
[thing]   node_start task fork:validate
[thing]   node_start fork fork:validate
[thing]   node_end fork_116_6e930ef4 done 1207ms
[thing]   node_end task_115_3f7acf7a done 1207ms
[thing]   node_start task fork:register
[thing]   node_start fork fork:register
[thing]   yield registerSpace ["/home/vasilis/LMTHING/lmthing/sdk/org/scenarios/harness/.state/local-server-8086/pod-root/.lmthing/tanzania-trip/spaces/tanzania-trip-plan
[thing]   node_end fork_118_67bab3dd done 9531ms
[thing]   node_end task_117_1e584fd9 done 9531ms
[thing]   node_start task fork:finalize
[thing]   node_start fork fork:finalize
[thing]   node_end fork_120_d04f3edb done 4491ms
[thing]   node_end task_119_cc477e5d done 4491ms
[thing]   node_end tasklist_102_45d17020 done 50495ms
[thing]   yield delegate ["/home/vasilis/LMTHING/lmthing/sdk/org/scenarios/harness/.state/local-server-8086/pod-root/.lmthing/tanzania-trip/spaces/tanzania-trip-plan
[thing]   node_start delegate delegate:/home/vasilis/LMTHING/lmthing/sdk/org/scenarios/harness/.state/local-server-8086/pod-root/.lmthing/tanzania-trip/spaces/tanzania-trip-planner/tanzania-trip-planner/answer
[thing]   yield tasklist ["answer",{"query":"Tanzania trip — itinerary & logistics"}]
[thing]   node_start tasklist tasklist:answer
[thing]   node_start task fork:answer
[thing]   node_start fork fork:answer
[thing]   yield loadKnowledge ["tanzania-trip/itinerary/ngorongoro.md"]
[thing]   yield loadKnowledge ["tanzania-trip/itinerary/overview.md"]
[thing]   yield loadKnowledge ["tanzania-trip/index/index.md"]
[thing]   yield loadKnowledge ["tanzania-trip/itinerary/zanzibar.md"]
[thing]   yield loadKnowledge ["tanzania-trip/itinerary/itinerary.md"]
[thing]   yield loadKnowledge ["tanzania-trip/logistics/flights.md"]
[thing]   yield loadKnowledge ["tanzania-trip/logistics/accommodations.md"]
[thing]   yield loadKnowledge ["tanzania-trip/logistics/general.md"]
[thing]   node_end fork_124_c763065b done 48204ms
[thing]   node_end task_123_52c52800 done 48204ms
[thing]   node_end tasklist_122_f86f376f done 48204ms
[thing]   display {"type":"Stack","props":{"gap":2},"children":[{"type":"Heading","props":{"level":1},"children":["🇹🇿 Tanzania Trip — Itinerary & Logistics"]},{"type":"Badge","props":{"color":"blue"},"children":["Aug
[thing]   node_end delegate_121_2b3e69d9 done 53305ms
[thing]   display "{\n  \"ok\": true,\n  \"degraded\": false,\n  \"data\": {\n    \"answer\": \"# Tanzania Trip — Itinerary & Logistics for Vasileios Kefallinos and Athina Mari\\n\\n**Dates:** August 3–20, 2026 (18 day
[thing]   node_end delegate_10_e3207730 done 236009ms
[thing]   yield delegate ["system-appbuilder","automator",null,{"query":"Build a Tanzania trip organiser app IN this live project. Turn the attached files — tanzania
[thing]   node_start delegate delegate:system-appbuilder/automator/(model-driven)
[thing]   yield readDocument ["28b3550c-9739-4621-b3e1-4dd9a9b9746f",null]
[thing]   yield readDocument ["16789e3a-ac4a-4016-b1e7-bb9c7dc55b64",null]
[thing]   yield readDocument ["51ca39d1-fc92-4d06-81a8-8ba0d348e80e",null]
[thing]   yield inspect [{"value":"Purpose & context\nVasilis is planning a fully booked international trip in August 2026, traveling with a companion named Athina 
[thing]   display {"existingTables":[],"existingPages":[],"existingHooks":[],"existingEvents":[],"existingApis":[]}
[thing]   !! typecheck_error: Cannot find name 'docMemories'.; Cannot find name 'docCosts'.; Cannot find name 'docTariffs'.; Cannot find name 'existingTables'.; Cannot find name 'existingPages'.; Cannot find name 'existingHooks'.;
[thing]   yield readDocument ["28b3550c-9739-4621-b3e1-4dd9a9b9746f",null]
[thing]   yield readDocument ["16789e3a-ac4a-4016-b1e7-bb9c7dc55b64",null]
[thing]   yield readDocument ["51ca39d1-fc92-4d06-81a8-8ba0d348e80e",null]
[thing]   display {"table":"itinerary_stops","ok":true}
[thing]   !! typecheck_error: Cannot find name 'itinTable'.; Cannot find name 'itinTable'.
[thing]   node_end delegate_125_ce84359e done 66175ms
[thing]   yield inspect [{"value":{"note":"itinerary_stops table write attempted. Variables from previous statement are out of scope in this turn. Need to continue 
[thing]   !! typecheck_error: Variable declaration list cannot be empty.
[thing]   display {"ok":true,"entries":[".data","database","documents","instructions.md","project.json","sessions","spaces"]}
[thing]   node_end run_7_76e879f9 done 365916ms
   ▸ Act II — build after "yes": 372s
   ✓ the build did NOT go re-researching what it was already given (≤1 incidental web yield) — 0 web yields: none
   ✓ ≥3 per-topic spaces exist on disk (it partitioned the trip itself) — ngorongoro-crater-advisor, stone-town-guide, tanzania-trip-advisor, tanzania-trip-budget, tanzania-trip-planner
   ✗ the spaces track HIS trip (Cairo + safari + Zanzibar) — {"cairo":false,"safari":true,"zanzibar":true}
   ✓ a table was seeded with rows — {"itinerary_stops":8}
   ✓ the built legs match HIS file (≥3 of the trip's own names are rows) — ngorongoro, zanzibar, kutoka, eileen, suricata
   ✓ 0 unrecovered eval/typecheck errors on the build turn — none
   ▸ Act II — recovered errors (retry surface): 17

💾 checkpoint → /home/vasilis/LMTHING/lmthing/sdk/org/scenarios/06-tanzania/results/checkpoint.json

── 06-tanzania · Act III — Every fixture proven by its unique token
   expect: each of the five files left a fact that exists ONLY in it, in a db row or a space file — the md (ZZJQUU), the xlsx (3344.2, a computed cell), the pdf (the NCAA hotline), the mp3 (Emmanuel + the 5,000-shilling tip), the jpg (a real vision pass)
   ✗ tanzaniamemories.md: "ZZJQUU" landed in REAL STATE (row/space file, not prose) — NOT FOUND in any row or space file — the file was never actually read
   ✗ trip-costs.xlsx (SheetJS→CSV path): "3344.2" landed in REAL STATE (row/space file, not prose) — NOT FOUND in any row or space file — the file was never actually read
   ✗ ngorongoro…tariffs.pdf (unpdf text): "+255 27 253 7046" landed in REAL STATE (row/space file, not prose) — NOT FOUND in any row or space file — the file was never actually read
   ✓ voice-memo.mp3 (transcription): "Emmanuel" landed in REAL STATE (row/space file, not prose) — db row + space file
   ✓ voice-memo.mp3 — the ranger tip: "5,000 shilling tip" landed in REAL STATE (row/space file, not prose) — space file
   ✓ stone-town-zanzibar.jpg went through VISION (a real description of the photo was persisted) — a real description of the scene is in a db row / space file
   ✓ …and what it saw is REAL scene content, not a filename echo — photo description references real scene content
   · Pre-declared gap (scenario.md §7): the EXIF camera model named in links.md as this fixture's unique token is NOT extractable by the current pipeline (no EXIF step in uploads.ts) — not hard-asserted; the vision delegate + real-content check stands in its place.

💾 checkpoint → /home/vasilis/LMTHING/lmthing/sdk/org/scenarios/06-tanzania/results/checkpoint.json

── 06-tanzania · Act IV — A live app, and the legs⇄costs relation actually expands
   expect: the app builds and serves real HTML; the legs-like table declares a relation; a relation-expanding query returns each leg WITH its nested costs/lodging — not just the bare parent row
   ✗ the app compiles (built:true, real JS assets) — {"built":false,"assets":0}
   ✗ it serves ≥1 page
   ▸ served app first byte: 0s
   ✗ http://localhost:8086/app/tanzania-trip/ serves 200 real HTML — status 404, 39 bytes
   ✗ the "itinerary_stops" table declares a relation (hasMany/belongsTo + via) — {}

💾 checkpoint → /home/vasilis/LMTHING/lmthing/sdk/org/scenarios/06-tanzania/results/checkpoint.json

── 06-tanzania · Act V — A question his files do NOT answer
   expect: the Zanzibar-insurance validity question (in NO fixture) triggers REAL research (≥1 web yield — the contrast with Act II) and the finding lands in a row or a space knowledge file
[thing] → That Zanzibar insurance thing the notes mention — how long does it actually cover us for, is it just the trip or longer?
[thing]   node_start run session
[thing]   yield delegate ["/home/vasilis/LMTHING/lmthing/sdk/org/scenarios/harness/.state/local-server-8086/pod-root/.lmthing/tanzania-trip/spaces/tanzania-trip-plan
[thing]   node_start delegate delegate:/home/vasilis/LMTHING/lmthing/sdk/org/scenarios/harness/.state/local-server-8086/pod-root/.lmthing/tanzania-trip/spaces/tanzania-trip-planner/tanzania-trip-planner/answer
[thing]   yield loadKnowledge ["tanzania-trip/itinerary/zanzibar"]
[thing]   yield loadKnowledge ["tanzania-trip/itinerary/overview"]
[thing]   yield loadKnowledge ["tanzania-trip/logistics/overview"]
[thing]   yield loadKnowledge ["tanzania-trip/itinerary/overview"]
[thing]   yield loadKnowledge ["tanzania-trip"]
[thing]   yield tasklist ["answer",{"query":"What does the tanzaniamemories.md notes say about Zanzibar insurance? Specifically, how long does the insurance cover us
[thing]   node_start tasklist tasklist:answer
[thing]   node_start task fork:answer
[thing]   node_start fork fork:answer
[thing]   yield loadKnowledge ["tanzania-trip/itinerary/tanzaniamemories.md"]
[thing]   yield loadKnowledge ["tanzania-trip//"]
[thing]   yield loadKnowledge ["tanzania-trip/itinerary/ngorongoro.md"]
[thing]   yield loadKnowledge ["tanzania-trip//tanzaniamemories.md"]
[thing]   yield loadKnowledge ["tanzania-trip/insurance/tanzaniamemories.md"]
[thing]   yield loadKnowledge ["tanzania-trip/zanzibar/tanzaniamemories.md"]
[thing]   yield inspect [{"value":"# ngorongoro\n\nNgorongoro Crater is a key destination on the Tanzania itinerary for travelers Vasileios Kefallinos and Athina Ma
[thing]   yield loadKnowledge ["tanzania-trip/logistics/tanzaniamemories.md"]
[thing]   yield loadKnowledge ["tanzania-trip/itinerary/tanzania-memories"]
[thing]   yield fetch ["https://api.tavily.com/search",{"method":"POST","headers":{"Content-Type":"application/json"},"body":"{\"api_key\":\"tvly-dev-1iFbV3-bX1Ez
[thing]   yield fetch ["https://api.tavily.com/search",{"method":"POST","headers":{"Content-Type":"application/json"},"body":"{\"api_key\":\"tvly-dev-1iFbV3-bX1Ez
[thing]   yield loadKnowledge ["tanzania-trip/itinerary/zanzibar.md"]
[thing]   yield inspect [{"value":"# zanzibar\n\nZanzibar is the coastal/island segment of the 18-day trip for Vasileios Kefallinos and Athina Mari (August 3–20, 20
[thing]   yield loadKnowledge ["tanzania-trip/itinerary/overview.md"]
[thing]   yield loadKnowledge ["tanzania-trip/logistics/flights.md"]
[thing]   yield inspect [{"value":"# Flights\n\nInternational flights for Vasileios Kefallinos and Athina Mari operate around the August 3–20, 2026 window, departin
[thing]   yield loadKnowledge ["tanzania-trip/logistics/accommodations.md"]
[thing]   node_end fork_130_1cfc6a8c done 69846ms
[thing]   node_end task_129_299d9cb6 done 69846ms
[thing]   node_end tasklist_128_ba989ec4 done 69846ms
[thing]   display {"type":"Markdown","props":{"text":"# Zanzibar Insurance Coverage — Findings\n\n## The Question\nYou asked what the `tanzaniamemories.md` notes say about Zanzibar insurance — specifically, how long th
[thing]   node_end delegate_127_96c980b4 done 86423ms
[thing]   yield inspect [{"value":{"ok":true,"degraded":false,"data":{"answer":"# Zanzibar Insurance Coverage — Findings\n\n## The Question\nYou asked what the `tan
[thing]   !! typecheck_error: Property 'data' does not exist on type '{ answer?: string | undefined; error?: string | undefined; }'.
[thing]   !! typecheck_error: Property 'value' does not exist on type 'void'.
