
> @lmthing/web-app@0.0.1 build /home/vasilis/LMTHING/lmthing/sdk/org/packages/ui/apps/web
> vp build

Warning: Route file "/home/vasilis/LMTHING/lmthing/sdk/org/packages/ui/apps/web/src/routes/index.test.ts" does not export a Route. This file will not be included in the route tree.

If this file is not intended to be a route, you can exclude it using one of these options:
  1. Rename the file to "/home/vasilis/LMTHING/lmthing/sdk/org/packages/ui/apps/web/src/routes/-index.test.ts" (prefix with "-")
  2. Use 'routeFileIgnorePattern' in your config to match this file

Current configuration:
  routeFileIgnorePrefix: "-"
  routeFileIgnorePattern: undefined
vite v8.0.16 building client environment for production...

/TypeMates  Cera Round Pro Bold.otf referenced in /TypeMates  Cera Round Pro Bold.otf didn't resolve at build time, it will remain unchanged to be resolved at runtime
[2Ktransforming...✓ 495 modules transformed.
✗ Build failed in 524ms
error during build:
Build failed with 1 error:

[31m[UNLOADABLE_DEPENDENCY] [0mCould not load src/lib/auth
   [38;5;246m╭[0m[38;5;246m─[0m[38;5;246m[[0m ../../../../libs/ui/src/components/auth/pin-gate/index.tsx:3:25 [38;5;246m][0m
   [38;5;246m│[0m
 [38;5;246m3 │[0m [38;5;249mi[0m[38;5;249mm[0m[38;5;249mp[0m[38;5;249mo[0m[38;5;249mr[0m[38;5;249mt[0m[38;5;249m [0m[38;5;249m{[0m[38;5;249m [0m[38;5;249mu[0m[38;5;249ms[0m[38;5;249me[0m[38;5;249mA[0m[38;5;249mu[0m[38;5;249mt[0m[38;5;249mh[0m[38;5;249m [0m[38;5;249m}[0m[38;5;249m [0m[38;5;249mf[0m[38;5;249mr[0m[38;5;249mo[0m[38;5;249mm[0m[38;5;249m [0m"@/lib/auth"[38;5;249m;[0m
 [38;5;240m  │[0m                         ──────┬─────  
 [38;5;240m  │[0m                               ╰─────── No such file or directory (os error 2)
[38;5;246m───╯[0m

    at aggregateBindingErrorsIntoJsError (file:///home/vasilis/LMTHING/lmthing/sdk/org/node_modules/.pnpm/@voidzero-dev+vite-plus-core@0.2.1_@types+node@24.13.2_esbuild@0.28.0_jiti@2.7.0_typescript@5.9.3_yaml@2.9.0/node_modules/@voidzero-dev/vite-plus-core/dist/rolldown/shared/error-C0TrL0_H.mjs:48:18)
    at unwrapBindingResult (file:///home/vasilis/LMTHING/lmthing/sdk/org/node_modules/.pnpm/@voidzero-dev+vite-plus-core@0.2.1_@types+node@24.13.2_esbuild@0.28.0_jiti@2.7.0_typescript@5.9.3_yaml@2.9.0/node_modules/@voidzero-dev/vite-plus-core/dist/rolldown/shared/error-C0TrL0_H.mjs:18:128)
    at #build (file:///home/vasilis/LMTHING/lmthing/sdk/org/node_modules/.pnpm/@voidzero-dev+vite-plus-core@0.2.1_@types+node@24.13.2_esbuild@0.28.0_jiti@2.7.0_typescript@5.9.3_yaml@2.9.0/node_modules/@voidzero-dev/vite-plus-core/dist/rolldown/shared/rolldown-build-D8R4Zzfy.mjs:3288:34)
    at async buildEnvironment (file:///home/vasilis/LMTHING/lmthing/sdk/org/node_modules/.pnpm/@voidzero-dev+vite-plus-core@0.2.1_@types+node@24.13.2_esbuild@0.28.0_jiti@2.7.0_typescript@5.9.3_yaml@2.9.0/node_modules/@voidzero-dev/vite-plus-core/dist/vite/node/chunks/node.js:38827:64)
    at async Object.build (file:///home/vasilis/LMTHING/lmthing/sdk/org/node_modules/.pnpm/@voidzero-dev+vite-plus-core@0.2.1_@types+node@24.13.2_esbuild@0.28.0_jiti@2.7.0_typescript@5.9.3_yaml@2.9.0/node_modules/@voidzero-dev/vite-plus-core/dist/vite/node/chunks/node.js:39249:19)
    at async Object.buildApp (file:///home/vasilis/LMTHING/lmthing/sdk/org/node_modules/.pnpm/@voidzero-dev+vite-plus-core@0.2.1_@types+node@24.13.2_esbuild@0.28.0_jiti@2.7.0_typescript@5.9.3_yaml@2.9.0/node_modules/@voidzero-dev/vite-plus-core/dist/vite/node/chunks/node.js:39246:153)
    at async CAC.<anonymous> (file:///home/vasilis/LMTHING/lmthing/sdk/org/node_modules/.pnpm/@voidzero-dev+vite-plus-core@0.2.1_@types+node@24.13.2_esbuild@0.28.0_jiti@2.7.0_typescript@5.9.3_yaml@2.9.0/node_modules/@voidzero-dev/vite-plus-core/dist/vite/node/cli.js:777:3) {
  errors: [Getter/Setter]
}
 ELIFECYCLE  Command failed with exit code 1.
