
> @lmthing/root@ lmthing /home/vasilis/LMTHING/lmthing/sdk/org
> tsx libs/cli/src/cli/bin.ts serve --cwd /home/vasilis/LMTHING/lmthing/sdk/org/scenarios/repros/resolve-already-correct/runs/2/data --port 38473 --env-file /home/vasilis/LMTHING/lmthing/sdk/org/.env --adopt-system-spaces --max-sessions 80

lmthing runtime initialized/repaired at /home/vasilis/LMTHING/lmthing/sdk/org/scenarios/repros/resolve-already-correct/runs/2/data/.lmthing
Multi-session server ready: http://localhost:38473
Create a session:  POST http://localhost:38473/api/sessions
[hooks] system crontab not enabled (set LM_ENABLE_CRONTAB=1 in the pod to use crond) — skipping crontab write; the in-process 60s tick drives cron hooks instead
[hooks] system crontab not enabled (set LM_ENABLE_CRONTAB=1 in the pod to use crond) — skipping crontab write; the in-process 60s tick drives cron hooks instead
[turn 1] streaming...
[stmt] let complaint = "my spreadsheet says the trip total should be exactly 3344.20 and what I'm seeing doesn't match that. I bet that EUR flights charge got mixed into the total by mistake — can you dig in and fix it?";
[stmt] await tasklist('resolve_flagged_figure', { complaint });
[model response]
let complaint = "my spreadsheet says the trip total should be exactly 3344.20 and what I'm seeing doesn't match that. I bet that EUR flights charge got mixed into the total by mistake — can you dig in and fix it?";
await tasklist('resolve_flagged_figure', { complaint });
[/model response]
[turn 1] streaming...
[stmt] // First, let's see what tables are available in the database.
const tables = await db.tables();
[stmt] // Inspect the table list to understand the schema.
inspect(tables);
[model response]
// First, let's see what tables are available in the database.
const tables = await db.tables();
// Inspect the table list to understand the schema.
inspect(tables);
[/model response]
[inspect] 1 value(s)
[turn 1] streaming...
[stmt] // The complaint mentions a "trip total" and "EUR flights charge mixed into the total by mistake."
// Let me look at the flights table first to understand its structure and spot any EUR charges.
const flightsRows = await db.query('flights');
[stmt] inspect(flightsRows);
[model response]
// The complaint mentions a "trip total" and "EUR flights charge mixed into the total by mistake."
// Let me look at the flights table first to understand its structure and spot any EUR charges.
const flightsRows = await db.query('flights');
inspect(flightsRows);
[/model response]
[inspect] 1 value(s)
[turn 1] streaming...
[stmt] // All flight rows have cost_eur: null. So the flights table itself may not hold the EUR charge directly.
// Let me check the costs table — that's likely where financial totals are aggregated.
const costsRows = await db.query('costs');
[stmt] inspect(costsRows);
[model response]
// All flight rows have cost_eur: null. So the flights table itself may not hold the EUR charge directly.
// Let me check the costs table — that's likely where financial totals are aggregated.
const costsRows = await db.query('costs');
inspect(costsRows);
[/model response]
[inspect] 1 value(s)
[turn 1] streaming...
[stmt] // Excellent! Found the key issue. The costs table has a flights row (id: d1283d99) with currency: "EUR" and amount: 2707.
// The complaint says "EUR flights charge got mixed into the total by mistake" and the user's expected total is 3344.20.
// Let me check if there's an accommodations table with costs that might also include flights, or if the 2707 EUR is being
// summed with USD amounts without conversion - that would inflate things.
// Let me also check the accommodations table to understand the lodging breakdown.
const accommodationsRows = await db.query('accommodations');
[stmt] inspect(accommodationsRows);
[model response]
// Excellent! Found the key issue. The costs table has a flights row (id: d1283d99) with currency: "EUR" and amount: 2707.
// The complaint says "EUR flights charge got mixed into the total by mistake" and the user's expected total is 3344.20.
// Let me check if there's an accommodations table with costs that might also include flights, or if the 2707 EUR is being
// summed with USD amounts without conversion - that would inflate things.
// Let me also check the accommodations table to understand the lodging breakdown.
const accommodationsRows = await db.query('accommodations');
inspect(accommodationsRows);
[/model response]
[inspect] 1 value(s)
[turn 1] streaming...
[stmt] // Now let me verify the math. Let me sum all USD costs (excluding the EUR flights row and the TZS rows),
// and see if the user's expected 3344.20 total matches with the flights row excluded or with it converted.
// First, the USD amounts from costs table (excluding the EUR flights row and the TZS shopping/tips rows):
// safari deposit: 240
// safari balance: 960
// dining: 46
// park-fees: 141.60 + 141.60 + 295 + 118 + 118 = 814.20
// visas: 100 + 130 = 230
// insurance: 88
// lodging: 951
// transport: 15
// Total USD (excl EUR flights & TZS items): 240 + 960 + 46 + 814.20 + 230 + 88 + 951 + 15
// Let me compute this carefully.
const usdTotalExclFlights = 240 + 960 + 46 + 141.60 + 141.60 + 295 + 118 + 118 + 100 + 130 + 88 + 951 + 15;
[stmt] // Also check: does the EUR flights row of 2707, if mistakenly summed as if it were USD, produce a plausible wrong total?
const wrongTotalWithEurAsUsd = usdTotalExclFlights + 2707;
[stmt] // And what if we convert 2707 EUR to USD at a reasonable rate (approx 1.07-1.10 USD per EUR)?
const eurToUsdRateApprox = 1.08;
[stmt] const flightsInUsdApprox = Math.round(2707 * eurToUsdRateApprox);
[stmt] const totalWithFlightsConverted = usdTotalExclFlights + flightsInUsdApprox;
[stmt] inspect({ usdTotalExclFlights, wrongTotalWithEurAsUsd, flightsInUsdApprox, totalWithFlightsConverted, expectedTotal: 3344.20 });
[model response]
// Now let me verify the math. Let me sum all USD costs (excluding the EUR flights row and the TZS rows),
// and see if the user's expected 3344.20 total matches with the flights row excluded or with it converted.
// First, the USD amounts from costs table (excluding the EUR flights row and the TZS shopping/tips rows):
// safari deposit: 240
// safari balance: 960
// dining: 46
// park-fees: 141.60 + 141.60 + 295 + 118 + 118 = 814.20
// visas: 100 + 130 = 230
// insurance: 88
// lodging: 951
// transport: 15
// Total USD (excl EUR flights & TZS items): 240 + 960 + 46 + 814.20 + 230 + 88 + 951 + 15
// Let me compute this carefully.
const usdTotalExclFlights = 240 + 960 + 46 + 141.60 + 141.60 + 295 + 118 + 118 + 100 + 130 + 88 + 951 + 15;
// Also check: does the EUR flights row of 2707, if mistakenly summed as if it were USD, produce a plausible wrong total?
const wrongTotalWithEurAsUsd = usdTotalExclFlights + 2707;
// And what if we convert 2707 EUR to USD at a reasonable rate (approx 1.07-1.10 USD per EUR)?
const eurToUsdRateApprox = 1.08;
const flightsInUsdApprox = Math.round(2707 * eurToUsdRateApprox);
const totalWithFlightsConverted = usdTotalExclFlights + flightsInUsdApprox;
inspect({ usdTotalExclFlights, wrongTotalWithEurAsUsd, flightsInUsdApprox, totalWithFlightsConverted, expectedTotal: 3344.20 });
[/model response]
[inspect] 1 value(s)
[turn 1] streaming...
[stmt] // PERFECT! usdTotalExclFlights === 3344.20, which EXACTLY matches the user's expected total.
// This confirms the diagnosis: the EUR flights charge (2707 EUR) is being summed into the trip total
// alongside all the USD items without conversion, inflating the total. The correct total (all USD items only,
// excluding the EUR-denominated flights row) is exactly 3344.20.
//
// Now, is the correct fix to:
// (a) Remove the flights row entirely? No — the flights row represents a real cost, just in the wrong currency context.
// (b) Convert the flights row to USD? That would give ~2924 USD, making total ~6268 — not what the user said.
// (c) Change the currency of the flights row from EUR to USD and leave the amount at 2707? That doesn't match any logic.
//
// Wait — the user said "EUR flights charge got mixed into the total by mistake." The flights amount is 2707 EUR.
// If the total is being computed by simply summing all costs rows' amount fields regardless of currency,
// then the 2707 EUR value is being added as if it were 2707 USD, producing a wrong total of 6051.20.
// The user's expected total of 3344.20 matches the sum of ALL non-flights USD rows plus the two TZS rows?
// Let me check if TZS items are included too. TZS items: 35000 + 5000 = 40000 TZS. At ~1 USD = 2500 TZS, that's ~16 USD.
// The 3344.20 match is exact without the TZS items, so TZS items may be excluded or negligible in rounding.
//
// But the key finding: the flights row (EUR 2707) being summed as USD is the bug. The user's expected 3344.20
// matches the sum of all USD rows EXCLUDING the flights row. But that would mean REMOVING the flights cost entirely
// from the total, which seems wrong — flight costs are real costs.
//
// Let me re-read the complaint: "my spreadsheet says the trip total should be exactly 3344.20" and "I bet that EUR
// flights charge got mixed into the total by mistake". The user expects 3344.20. The sum of USD costs WITHOUT flights
// is exactly 3344.20. So the user's position is clear: the flights cost should NOT be part of the total (perhaps
// it's tracked separately or already accounted for elsewhere, or the user wants it removed from this particular total).
//
// Actually, wait — let me reconsider. Perhaps the user wants the flights row EXCLUDED from this particular total
// (maybe they track flights separately), OR they want it converted to USD. If converted at ~1.08, the flights would
// be ~2924 USD and the total would be ~6268. That's not 3344.20. So the user's stated target of 3344.20 SELECTS
// exclusion, not conversion. The fix is to REMOVE the flights row from the costs table (or mark it excluded).
//
// However, "fixAction: remove" would delete the row entirely, losing the data. "update" to change currency to USD
// and amount to... what? The user didn't give a USD amount. The only thing that yields 3344.20 is excluding the
// flights row. But a better fix might be to change the flights currency from EUR to USD and set amount to the
// actual USD equivalent, which the user hasn't stated.
//
// But the user's own complaint says the spreadsheet total should be 3344.20, which matches EXACTLY the sum without
// the flights row. And they also say "that EUR flights charge got mixed into the total by mistake." This strongly
// implies they want the EUR flights removed from the total calculation. The fixAction should be "remove" —
// deleting the flights row from the costs table (or perhaps updating it to have amount 0 or a flag to exclude).
//
// Actually, let me check if there's another table or relationship I'm missing. Let me see if costs has relations.
// The costs table might have child rows or related tables.

// Let me check the table list again more carefully for any relationship between costs and flights.
// Also check if there's a "trip" or "totals" table.
const allTables = tables;
[stmt] inspect(allTables);
[model response]
// PERFECT! usdTotalExclFlights === 3344.20, which EXACTLY matches the user's expected total.
// This confirms the diagnosis: the EUR flights charge (2707 EUR) is being summed into the trip total
// alongside all the USD items without conversion, inflating the total. The correct total (all USD items only,
// excluding the EUR-denominated flights row) is exactly 3344.20.
//
// Now, is the correct fix to:
// (a) Remove the flights row entirely? No — the flights row represents a real cost, just in the wrong currency context.
// (b) Convert the flights row to USD? That would give ~2924 USD, making total ~6268 — not what the user said.
// (c) Change the currency of the flights row from EUR to USD and leave the amount at 2707? That doesn't match any logic.
//
// Wait — the user said "EUR flights charge got mixed into the total by mistake." The flights amount is 2707 EUR.
// If the total is being computed by simply summing all costs rows' amount fields regardless of currency,
// then the 2707 EUR value is being added as if it were 2707 USD, producing a wrong total of 6051.20.
// The user's expected total of 3344.20 matches the sum of ALL non-flights USD rows plus the two TZS rows?
// Let me check if TZS items are included too. TZS items: 35000 + 5000 = 40000 TZS. At ~1 USD = 2500 TZS, that's ~16 USD.
// The 3344.20 match is exact without the TZS items, so TZS items may be excluded or negligible in rounding.
//
// But the key finding: the flights row (EUR 2707) being summed as USD is the bug. The user's expected 3344.20
// matches the sum of all USD rows EXCLUDING the flights row. But that would mean REMOVING the flights cost entirely
// from the total, which seems wrong — flight costs are real costs.
//
// Let me re-read the complaint: "my spreadsheet says the trip total should be exactly 3344.20" and "I bet that EUR
// flights charge got mixed into the total by mistake". The user expects 3344.20. The sum of USD costs WITHOUT flights
// is exactly 3344.20. So the user's position is clear: the flights cost should NOT be part of the total (perhaps
// it's tracked separately or already accounted for elsewhere, or the user wants it removed from this particular total).
//
// Actually, wait — let me reconsider. Perhaps the user wants the flights row EXCLUDED from this particular total
// (maybe they track flights separately), OR they want it converted to USD. If converted at ~1.08, the flights would
// be ~2924 USD and the total would be ~6268. That's not 3344.20. So the user's stated target of 3344.20 SELECTS
// exclusion, not conversion. The fix is to REMOVE the flights row from the costs table (or mark it excluded).
//
// However, "fixAction: remove" would delete the row entirely, losing the data. "update" to change currency to USD
// and amount to... what? The user didn't give a USD amount. The only thing that yields 3344.20 is excluding the
// flights row. But a better fix might be to change the flights currency from EUR to USD and set amount to the
// actual USD equivalent, which the user hasn't stated.
//
// But the user's own complaint says the spreadsheet total should be 3344.20, which matches EXACTLY the sum without
// the flights row. And they also say "that EUR flights charge got mixed into the total by mistake." This strongly
// implies they want the EUR flights removed from the total calculation. The fixAction should be "remove" —
// deleting the flights row from the costs table (or perhaps updating it to have amount 0 or a flag to exclude).
//
// Actually, let me check if there's another table or relationship I'm missing. Let me see if costs has relations.
// The costs table might have child rows or related tables.

// Let me check the table list again more carefully for any relationship between costs and flights.
// Also check if there's a "trip" or "totals" table.
const allTables = tables;
inspect(allTables);
[/model response]
[inspect] 1 value(s)
[turn 1] streaming...
